// Jest Snapshot v1, https://goo.gl/fbAQLP

exports[`matchers snapshot tests toMatchScreenReaderSnapshot on the whole body: toMatchScreenReaderSnapshot 1`] = `
[
  "document",
  "navigation",
  "Nav Text",
  "end of navigation",
  "region",
  "heading, First Section Heading, level 1",
  "paragraph",
  "First Section Text",
  "end of paragraph",
  "article",
  "banner",
  "heading, Article Header Heading, level 1",
  "paragraph",
  "Article Header Text",
  "end of paragraph",
  "end of banner",
  "paragraph",
  "Article Text",
  "end of paragraph",
  "end of article",
  "end of region",
  "region",
  "heading, Second Section Heading, level 1",
  "paragraph",
  "Second Section Text",
  "end of paragraph",
  "end of region",
  "contentinfo",
  "Footer",
  "end of contentinfo",
  "end of document",
]
`;

exports[`matchers virtual screen reader tests navigating headings 1`] = `
[
  "document",
  "heading, First Section Heading, level 1",
  "heading, Article Header Heading, level 1",
  "heading, Second Section Heading, level 1",
  "heading, First Section Heading, level 1",
]
`;
